// Jest Snapshot v1, https://goo.gl/fbAQLP

exports[`Inspire renders to match snapshot 1`] = `
<v-row-stub tag="div" align="center" justify="center">
  <v-col-stub cols="12" sm="8" md="6" tag="div">
    <div class="text-center"><img src="~static/v.png" alt="Vuetify.js" class="mb-5"></div>
    <v-card-stub loaderheight="4" tag="div">
      <v-card-title-stub tag="div" class="headline">
        Welcome to the Vuetify + Nuxt.js template
      </v-card-title-stub>
      <v-card-text-stub tag="div">
        <p>
          Vuetify is a progressive Material Design component framework for
          Vue.js. It was designed to empower developers to create amazing
          applications.
        </p>
        <p>
          For more information on Vuetify, check out the
          <a href="https://vuetifyjs.com" target="_blank">documentation</a>.
        </p>
        <p>
          If you have questions, please join the official
          <a href="https://chat.vuetifyjs.com/" target="_blank" title="chat">
            discord </a>.
        </p>
        <p>
          Find a bug? Report it on the github
          <a href="https://github.com/vuetifyjs/vuetify/issues" target="_blank" title="contribute">
            issue board </a>.
        </p>
        <p>
          Thank you for developing with Vuetify and I look forward to bringing
          more exciting features in the future.
        </p>
        <div class="text-right"><em><small>â€” John Leider</small></em></div>
        <hr class="my-3"> <a href="https://nuxtjs.org/" target="_blank">Nuxt Documentation</a> <br> <a href="https://github.com/nuxt/nuxt.js" target="_blank">
          Nuxt GitHub
        </a>
      </v-card-text-stub>
      <v-card-actions-stub tag="div">
        <v-spacer-stub tag="div"></v-spacer-stub>
        <v-btn-stub color="primary" tag="button" activeclass="" to="/inspire" nuxt="true" text="true" type="button">Continue</v-btn-stub>
      </v-card-actions-stub>
    </v-card-stub>
  </v-col-stub>
</v-row-stub>
`;
